[www.mangoboost.io/index.html]
[backblue.gif]
[fade.gif]
[index.html]
[www.mangoboost.io/_next/static/chunks/polyfills-78c92fac7aa8fdd8.js]
[www.mangoboost.io/_next/static/chunks/webpack-7fda520587932348.js]
[www.mangoboost.io/_next/static/chunks/framework-aa17a3b925cf6f31.js]
[www.mangoboost.io/_next/static/chunks/main-b64e1835209b536b.js]
[www.mangoboost.io/_next/static/chunks/pages/_app-099b7d14389691c3.js]
[www.mangoboost.io/_next/static/chunks/1bfc9850-0599d56182f3a9ab.js]
[www.mangoboost.io/_next/static/chunks/7779ef99-5511c09f75338fc7.js]
[www.mangoboost.io/_next/static/chunks/5646-d552c8de768f7696.js]
[www.mangoboost.io/_next/static/chunks/2971-8f45332332af9b0a.js]
[www.mangoboost.io/_next/static/chunks/8764-9bdd7189d881ac95.js]
[www.mangoboost.io/_next/static/chunks/289-5627289a105b1542.js]
[www.mangoboost.io/_next/static/chunks/7094-ecd441f54dabe616.js]
[www.mangoboost.io/_next/static/chunks/3869-aa0864abd4433564.js]
[www.mangoboost.io/_next/static/chunks/5984-fe50a6a66e66c944.js]
[www.mangoboost.io/_next/static/chunks/pages/index-ce16ea7c5c5d550c.js]
[www.mangoboost.io/_next/static/DzxY0glysgsWjbQuYs5Pf/_buildManifest.js]
[www.mangoboost.io/_next/static/DzxY0glysgsWjbQuYs5Pf/_ssgManifest.js]
[www.mangoboost.io/_next/image7464.png]
[www.mangoboost.io/about.html]
[www.mangoboost.io/careers.html]
[www.mangoboost.io/solutions.html]
[www.mangoboost.io/contact.html]
[www.mangoboost.io/pre-order.html]
[www.mangoboost.io/_next/image1624.png]
[www.mangoboost.io/_next/image00bf.png]
[www.mangoboost.io/resources/blog/mangoboost-demonstrates-mango-gpuboost-rdma-tm-with-mlperf-training-v4-1-on-a-multi-node-system.html]
[www.mangoboost.io/_next/image68de.png]
[www.mangoboost.io/resources/blog/mangoboost-demonstrates-turn-key-storage-solution-for-ai-training-with-mlperf-r-storage-v1-0.html]
[www.mangoboost.io/_next/image75bd.jpg]
[www.mangoboost.io/media/press-releases/mangoboost-outperforms-all-other-ethernet-based-results-with-its-industry-first-data-processing.html]
[www.mangoboost.io/_next/image8e41.jpg]
[www.mangoboost.io/media/press-releases/mangoboost-releases-gpu-storage-boost-solution-using-mi300x-gpu-servers-at-the-snia-developer.html]
[www.mangoboost.io/_next/image526b.png]
[www.mangoboost.io/resources/blog/mangoboost-demonstrates-llm-ai-inference-serving-solutions.html]
[www.mangoboost.io/_next/image346f.png]
[www.mangoboost.io/media/press-releases/cmu-investment-and-joining-of-professor-james-hoe-as-full-time-fellow.html]
[www.mangoboost.io/_next/imagedd16.jpg]
[www.mangoboost.io/_next/image7716.png]
[www.mangoboost.io/_next/imagec75c.png]
[www.mangoboost.io/media/press-releases/announcing-our-closing-of-series-a-funding-round-and-way-forward.html]
[www.mangoboost.io/_next/imagee06b.png]
[www.mangoboost.io/_next/image8b6e.png]
[www.mangoboost.io/_next/image899b.png]
[www.mangoboost.io/products/mango-gpuboost-tm-rdma.html]
[www.mangoboost.io/_next/image0102.png]
[www.mangoboost.io/_next/image9f49.png]
[www.mangoboost.io/products/mango-storageboost-tm-nti.html]
[www.mangoboost.io/_next/image031b.png]
[www.mangoboost.io/_next/image030a.png]
[www.mangoboost.io/products/mango-storageboost-tm-ntt.html]
[www.mangoboost.io/_next/image4366.png]
[www.mangoboost.io/_next/imagec541.png]
[www.mangoboost.io/products/mango-networkboost-tm-tcp.html]
[www.mangoboost.io/_next/imagebf31.png]
[www.mangoboost.io/_next/image076f.png]
[www.mangoboost.io/resources/publications.html]
[www.mangoboost.io/_next/imaged0ba.png]
[www.mangoboost.io/resources/blog.html]
[www.mangoboost.io/media/news.html]
[www.mangoboost.io/media/events.html]
[www.mangoboost.io/media/press-releases.html]
[www.mangoboost.io/_next/image81a2.png]
[www.mangoboost.io/index.html]
[www.mangoboost.io/_next/static/chunks/9444-9715057cba04edfa.js]
[www.mangoboost.io/_next/static/chunks/pages/about-24ecfaf118a5e9ec.js]
[www.mangoboost.io/_next/image5181.png]
[www.mangoboost.io/_next/imageeaaf.png]
[www.mangoboost.io/_next/image2c1b.png]
[www.mangoboost.io/_next/imagee86e.png]
[www.mangoboost.io/_next/image7c1e.png]
[www.mangoboost.io/_next/imagece00.png]
[www.mangoboost.io/_next/image4d9d.jpg]
[www.mangoboost.io/_next/image899d.png]
[www.mangoboost.io/_next/imageddb0.png]
[www.mangoboost.io/_next/image4141.png]
[www.mangoboost.io/_next/image88f9.png]
[www.mangoboost.io/_next/image5b7b.png]
[www.mangoboost.io/_next/image341d.png]
[www.mangoboost.io/_next/image2cfd.png]
[www.mangoboost.io/_next/image7116.jpg]
[www.mangoboost.io/_next/image1a8d.png]
[www.mangoboost.io/_next/imageee32.png]
[www.mangoboost.io/about.html]
[www.mangoboost.io/_next/static/chunks/pages/careers-c7b28e15637ed1e5.js]
[www.mangoboost.io/_next/imagef0ad.jpg]
[www.mangoboost.io/_next/imageff38.jpg]
[www.mangoboost.io/_next/image490d.jpg]
[www.mangoboost.io/_next/image5ec3.jpg]
[www.mangoboost.io/_next/image34ec.jpg]
[www.mangoboost.io/_next/imagebeb1.jpg]
[www.mangoboost.io/_next/image3286.jpg]
[www.mangoboost.io/_next/image0ffd.jpg]
[www.mangoboost.io/_next/imageeab6.jpg]
[www.mangoboost.io/_next/imagebc76.jpg]
[www.mangoboost.io/_next/image2dae.jpg]
[www.mangoboost.io/_next/image20d6.png]
[www.mangoboost.io/_next/imaged25a.png]
[www.mangoboost.io/_next/image22e9.png]
[www.mangoboost.io/_next/image5b19.png]
[www.mangoboost.io/_next/image2d2d.png]
[www.mangoboost.io/_next/image2974.png]
[www.mangoboost.io/_next/imagef0eb.png]
[www.mangoboost.io/_next/image4a06.png]
[www.mangoboost.io/_next/image15e6.jpg]
[www.mangoboost.io/team/rachata-ausavarungnirun.html]
[www.mangoboost.io/_next/imageb469.png]
[www.mangoboost.io/team/duncan-moss.html]
[www.mangoboost.io/_next/image0ce9.png]
[www.mangoboost.io/team/sahand-kashani.html]
[www.mangoboost.io/_next/image7d4b.png]
[www.mangoboost.io/team/eunjin-baek.html]
[www.mangoboost.io/_next/imagef949.png]
[www.mangoboost.io/careers.html]
[www.mangoboost.io/team/hosung-lee.html]
[www.mangoboost.io/_next/static/chunks/ea88be26-375858f3cf93f50c.js]
[www.mangoboost.io/_next/static/chunks/5099-7e8314471b08a768.js]
[www.mangoboost.io/_next/static/chunks/pages/solutions-0733a8790a400c13.js]
[www.mangoboost.io/_next/imageed4a.png]
[www.mangoboost.io/_next/imagee9ba.png]
[www.mangoboost.io/_next/image8168.png]
[www.mangoboost.io/_next/imaged4ae.png]
[www.mangoboost.io/solutions.html]
[www.mangoboost.io/_next/static/chunks/9916-0947493b49fb5a77.js]
[www.mangoboost.io/_next/static/chunks/1099-88d4568c4dc2355b.js]
[www.mangoboost.io/_next/static/chunks/4683-6e8c3e3f202c27c0.js]
[www.mangoboost.io/_next/static/chunks/pages/contact-10f66d3fba91d012.js]
[www.mangoboost.io/img/contact-bg-image.webp]
[www.mangoboost.io/contact.html]
[www.mangoboost.io/_next/static/chunks/pages/pre-order-611d5242319db3f9.js]
[www.mangoboost.io/img/pre-order-bg-image.webp]
[www.mangoboost.io/pre-order.html]
[www.mangoboost.io/_next/static/chunks/pages/resources/blog/[slug]-e543b60aefeec1a5.js]
[www.mangoboost.io/img/masked-shadow-01.png]
[www.mangoboost.io/_next/image5fc5.png]
[www.mangoboost.io/_next/image5e3b.png]
[www.mangoboost.io/_next/image8950.png]
[www.mangoboost.io/_next/imagee8ab.png]
[www.mangoboost.io/resources/blog/mangoboost-demonstrates-mango-gpuboost-rdma-tm-with-mlperf-training-v4-1-on-a-multi-node-system.html]
[www.mangoboost.io/_next/image7a08.png]
[www.mangoboost.io/_next/imagef30d.png]
[www.mangoboost.io/_next/image55a1.png]
[www.mangoboost.io/_next/image06a2.png]
[www.mangoboost.io/_next/imagebaf4.png]
[www.mangoboost.io/_next/imageb3dd.png]
[www.mangoboost.io/_next/image8248.png]
[www.mangoboost.io/resources/blog/mangoboost-demonstrates-turn-key-storage-solution-for-ai-training-with-mlperf-r-storage-v1-0.html]
[www.mangoboost.io/media/press-releases/mangoboost-outperforms-all-other-ethernet-based-results-with-its-industry-first-data-processing.html]
[www.mangoboost.io/media/press-releases/mangoboost-releases-gpu-storage-boost-solution-using-mi300x-gpu-servers-at-the-snia-developer.html]
[www.mangoboost.io/_next/static/chunks/pages/media/press-releases/[slug]-c4a4996cd4151457.js]
[www.mangoboost.io/_next/image17ca.png]
[www.mangoboost.io/_next/image9d6f.png]
[www.mangoboost.io/_next/imagebff7.png]
[www.mangoboost.io/_next/image81d8.png]
[www.mangoboost.io/_next/image52f5.png]
[www.mangoboost.io/_next/image2935.png]
[www.mangoboost.io/resources/blog/mangoboost-demonstrates-llm-ai-inference-serving-solutions.html]
[www.mangoboost.io/media/press-releases/cmu-investment-and-joining-of-professor-james-hoe-as-full-time-fellow.html]
[www.mangoboost.io/_next/imagecfaf.png]
[www.mangoboost.io/media/press-releases/announcing-our-closing-of-series-a-funding-round-and-way-forward.html]
[www.mangoboost.io/img/shadow-mobile-01.svg]
[www.mangoboost.io/_next/static/chunks/a3ff1dbb-849ddc86c5b5f767.js]
[www.mangoboost.io/_next/static/chunks/252f366e-a2d22ab784aa2df9.js]
[www.mangoboost.io/_next/static/chunks/95b64a6e-ce777e145f8a571d.js]
[www.mangoboost.io/_next/static/chunks/pages/products/[slug]-781a5f376f8adab3.js]
[www.mangoboost.io/_next/image926d.png]
[www.mangoboost.io/_next/imageac93.png]
[www.mangoboost.io/_next/imagec73b.png]
[www.mangoboost.io/_next/imageb443.png]
[www.mangoboost.io/_next/imagef085.png]
[www.mangoboost.io/_next/imageec23.png]
[www.mangoboost.io/_next/imagea3bd.png]
[www.mangoboost.io/_next/image57de.png]
[www.mangoboost.io/_next/image2266.png]
[www.mangoboost.io/_next/image3348.png]
[www.mangoboost.io/products/mango-gpuboost-tm-rdma.html]
[www.mangoboost.io/_next/image8a94.png]
[www.mangoboost.io/_next/imagee95e.png]
[www.mangoboost.io/_next/imageaf64.png]
[www.mangoboost.io/_next/image2d5e.png]
[www.mangoboost.io/_next/imaged0b7.png]
[www.mangoboost.io/_next/image7160.png]
[www.mangoboost.io/_next/image9429.png]
[www.mangoboost.io/_next/image93ad.png]
[www.mangoboost.io/_next/imagef9ea.png]
[www.mangoboost.io/_next/imagea460.png]
[www.mangoboost.io/_next/image53fd.png]
[www.mangoboost.io/products/mango-storageboost-tm-nti.html]
[www.mangoboost.io/_next/image3f5a.png]
[www.mangoboost.io/_next/image5072.png]
[www.mangoboost.io/_next/image90b5.png]
[www.mangoboost.io/_next/imaged6f4.png]
[www.mangoboost.io/_next/image0ebf.png]
[www.mangoboost.io/_next/imageaaf4.png]
[www.mangoboost.io/_next/imagee4e2.png]
[www.mangoboost.io/_next/image5f32.png]
[www.mangoboost.io/products/mango-storageboost-tm-ntt.html]
[www.mangoboost.io/_next/image3f67.png]
[www.mangoboost.io/_next/image32e5.png]
[www.mangoboost.io/_next/image236e.png]
[www.mangoboost.io/_next/image7ee3.png]
[www.mangoboost.io/_next/image71d5.png]
[www.mangoboost.io/_next/imagecd65.png]
[www.mangoboost.io/_next/imageb8e2.png]
[www.mangoboost.io/_next/imagebda4.png]
[www.mangoboost.io/_next/image6ee2.png]
[www.mangoboost.io/_next/image1d68.png]
[www.mangoboost.io/products/mango-networkboost-tm-tcp.html]
[www.mangoboost.io/_next/static/chunks/ae51ba48-01944cee36b061cd.js]
[www.mangoboost.io/_next/static/chunks/7553-3ee2ad7137b498b1.js]
[www.mangoboost.io/_next/static/chunks/7816-36d260ce4fcf8240.js]
[www.mangoboost.io/_next/static/chunks/pages/resources/publications-c8821502ba1e61e2.js]
[www.mangoboost.io/resources/publications.html]
[www.mangoboost.io/img/shadow-orange-01.svg]
[www.mangoboost.io/img/shadow-orange-03.svg]
[www.mangoboost.io/resources/blog.html]
[www.mangoboost.io/_next/static/chunks/pages/resources/blog-df5a072bbe864518.js]
[www.mangoboost.io/_next/static/chunks/pages/media/news-abc64ecec7f63137.js]
[www.mangoboost.io/_next/image830a.png]
[www.mangoboost.io/_next/imagee0b0.jpg]
[www.mangoboost.io/_next/imageada0.png]
[www.mangoboost.io/_next/imagedfad.jpg]
[www.mangoboost.io/_next/imagee095.png]
[www.mangoboost.io/media/news.html]
[www.mangoboost.io/_next/static/chunks/pages/media/events-65009601a705abca.js]
[www.mangoboost.io/_next/image4eb5.png]
[www.mangoboost.io/_next/imaged7c4.jpg]
[www.mangoboost.io/_next/imageea7e.jpg]
[www.mangoboost.io/media/events.html]
[www.mangoboost.io/_next/image1a91.png]
[www.mangoboost.io/_next/static/chunks/pages/media/press-releases-c22f2c88826576c6.js]
[www.mangoboost.io/media/press-releases.html]
[www.mangoboost.io/img/shadow-orange-02.svg]
[www.mangoboost.io/img/shadow-orange-04.svg]
[www.mangoboost.io/_next/static/chunks/pages/team/[slug]-3c728dc9d4335937.js]
[www.mangoboost.io/_next/image4229.png]
[www.mangoboost.io/team/rachata-ausavarungnirun.html]
[www.mangoboost.io/team/duncan-moss.html]
[www.mangoboost.io/team/sahand-kashani.html]
[www.mangoboost.io/team/eunjin-baek.html]
[www.mangoboost.io/team/hosung-lee.html]
